// Jest Snapshot v1, https://goo.gl/fbAQLP

exports[`Fullrecipe renders 1`] = `
<DocumentFragment>
  <div
    class="MuiGrid-root MuiGrid-container css-1nb6n7u-MuiGrid-root"
  >
    <div
      class="MuiGrid-root MuiGrid-item MuiGrid-grid-xs-12 MuiGrid-grid-sm-4 css-1usvq7t-MuiGrid-root"
    >
      <div
        class="MuiTypography-root MuiTypography-body2 css-e784if-MuiTypography-root"
      >
        <li>
          ing1
        </li>
      </div>
      <div
        class="MuiTypography-root MuiTypography-body2 css-e784if-MuiTypography-root"
      >
        <li>
          ing2
        </li>
      </div>
    </div>
    <div
      class="MuiGrid-root MuiGrid-item MuiGrid-grid-xs-12 MuiGrid-grid-sm-8 css-g08sh6-MuiGrid-root"
    >
      <div
        class="MuiBox-root css-t0051x"
      >
        <p
          class="MuiTypography-root MuiTypography-body1 css-p3gdy2-MuiTypography-root"
        >
          ~  this is a fake instruction 
          <br />
           
          <br />
        </p>
      </div>
      <div
        class="MuiBox-root css-1fuqp3k"
      >
        <button
          class="MuiButton-root MuiButton-text MuiButton-textPrimary MuiButton-sizeMedium MuiButton-textSizeMedium MuiButtonBase-root  css-1e6y48t-MuiButtonBase-root-MuiButton-root"
          tabindex="0"
          type="button"
        >
          <span
            class="MuiButton-startIcon MuiButton-iconSizeMedium css-1d6wzja-MuiButton-startIcon"
          >
            <svg
              aria-hidden="true"
              class="MuiSvgIcon-root MuiSvgIcon-fontSizeLarge css-tzssek-MuiSvgIcon-root"
              data-testid="ExpandLessIcon"
              focusable="false"
              viewBox="0 0 24 24"
            >
              <path
                d="m12 8-6 6 1.41 1.41L12 10.83l4.59 4.58L18 14z"
              />
            </svg>
          </span>
          less
          <span
            class="MuiTouchRipple-root css-8je8zh-MuiTouchRipple-root"
          />
        </button>
      </div>
    </div>
  </div>
</DocumentFragment>
`;
